// Jest Snapshot v1, https://goo.gl/fbAQLP

exports[`should render LoginPage correctly 1`] = `
<div
  className="box-layout"
>
  <div
    className="box-layout__box"
  >
    <div
      className="box-layout__title"
    >
      <img
        alt="shrewdent"
        height="50px"
        src="/images/shrewdent.svg"
        width="auto"
      />
      <h1>
        Shrewdent
      </h1>
    </div>
    <p>
      a shrewd, prudent approach to personal expensing
    </p>
    <button
      className="button"
      onClick={[MockFunction]}
    >
      Login With Google
    </button>
  </div>
</div>
`;
